// Jest Snapshot v1, https://goo.gl/fbAQLP

exports[`Checkbox tests basic tests matches the snapshot 1`] = `
.c0 {
  --checkbox-border-color: #A1A8F2;
  --checkbox-border-size: 1px;
  --checkbox-box-size: 18px;
  --checkbox-box-color: #696FDC;
  --checkbox-box-spacing: 12px;
  --checkbox-label-color: #686978;
  --checkbox-label-size: 14px;
  font-family: Muli,sans-serif;
  display: -webkit-box;
  display: -webkit-flex;
  display: -ms-flexbox;
  display: flex;
  -webkit-align-items: center;
  -webkit-box-align: center;
  -ms-flex-align: center;
  align-items: center;
  margin-bottom: 4px;
  color: var(--checkbox-label-color);
  font-size: var(--checkbox-label-size);
  cursor: pointer;
}

.c0:focus,
.c0:hover:not([disabled]) {
  outline: none;
  --checkbox-border-color: #A0A5EB;
  --checkbox-border-size: 3px;
}

.c0:focus {
  outline: none;
}

.c4 {
  --checkbox-border-color: #D1D1DB;
  --checkbox-border-size: 1px;
  --checkbox-box-size: 18px;
  --checkbox-box-color: #696FDC;
  --checkbox-box-spacing: 12px;
  --checkbox-label-color: #686978;
  --checkbox-label-size: 14px;
  font-family: Muli,sans-serif;
  display: -webkit-box;
  display: -webkit-flex;
  display: -ms-flexbox;
  display: flex;
  -webkit-align-items: center;
  -webkit-box-align: center;
  -ms-flex-align: center;
  align-items: center;
  margin-bottom: 4px;
  color: var(--checkbox-label-color);
  font-size: var(--checkbox-label-size);
  cursor: pointer;
}

.c4:focus,
.c4:hover:not([disabled]) {
  outline: none;
  --checkbox-border-color: #A0A5EB;
  --checkbox-border-size: 3px;
}

.c4:focus {
  outline: none;
}

.c1 {
  border-radius: 4px;
  position: relative;
  text-align: center;
  display: -webkit-box;
  display: -webkit-flex;
  display: -ms-flexbox;
  display: flex;
  -webkit-align-items: center;
  -webkit-box-align: center;
  -ms-flex-align: center;
  align-items: center;
  -webkit-box-pack: center;
  -webkit-justify-content: center;
  -ms-flex-pack: center;
  justify-content: center;
  padding: 3px;
  -webkit-flex-basis: var(--checkbox-box-size);
  -ms-flex-preferred-size: var(--checkbox-box-size);
  flex-basis: var(--checkbox-box-size);
  width: var(--checkbox-box-size);
  height: var(--checkbox-box-size);
  color: var(--checkbox-box-color);
  margin: 8px;
}

.c1:after {
  -webkit-transition: border .1s ease-in-out;
  transition: border .1s ease-in-out;
  position: absolute;
  top: 0;
  left: 0;
  right: 0;
  bottom: 0;
  border: var(--checkbox-border-size) solid var(--checkbox-border-color);
  content: '';
  display: block;
  border-radius: 4px;
}

.c3 {
  -webkit-flex: 1;
  -ms-flex: 1;
  flex: 1;
  padding-top: 1px;
  -webkit-letter-spacing: 0;
  -moz-letter-spacing: 0;
  -ms-letter-spacing: 0;
  letter-spacing: 0;
  display: -webkit-box;
  display: -webkit-flex;
  display: -ms-flexbox;
  display: flex;
}

.c2 {
  width: 100%;
  height: 100%;
  fill: currentColor;
}

<div
  data-test-id="checkbox"
>
  <label
    aria-checked="true"
    className="c0"
    data-testid="checkbox-child-0"
    disabled={false}
    onClick={[Function]}
    onKeyPress={[Function]}
    role="checkbox"
    selected={true}
    size="small"
    tabIndex={0}
    type="light"
  >
    <span
      className="c1"
    >
      <svg
        aria-hidden="true"
        className="c2"
        focusable="false"
        viewBox="0 0 32 32"
      >
        <path
          d="M13 26a1 1 0 0 1-.67-.26l-9-8.2a1 1 0 0 1 1.34-1.48l8.23 7.49L27.23 6.13A1 1 0 0 1 28.64 6a1 1 0 0 1 .13 1.4l-15 18.24a1 1 0 0 1-.7.36z"
        />
      </svg>
    </span>
    <span
      className="c3"
      disabled={false}
      size="small"
    >
      YouTube
    </span>
  </label>
  <label
    aria-checked="false"
    className="c4"
    data-testid="checkbox-child-1"
    disabled={false}
    onClick={[Function]}
    onKeyPress={[Function]}
    role="checkbox"
    selected={false}
    size="small"
    tabIndex={0}
    type="light"
  >
    <span
      className="c1"
    />
    <span
      className="c3"
      disabled={false}
      size="small"
    >
      Twitter
    </span>
  </label>
  <label
    aria-checked="false"
    className="c4"
    data-testid="checkbox-child-2"
    disabled={false}
    onClick={[Function]}
    onKeyPress={[Function]}
    role="checkbox"
    selected={false}
    size="small"
    tabIndex={0}
    type="light"
  >
    <span
      className="c1"
    />
    <span
      className="c3"
      disabled={false}
      size="small"
    >
      Instagram
    </span>
  </label>
</div>
`;
